// Jest Snapshot v1, https://goo.gl/fbAQLP

exports[`matches snapshot 1`] = `
<div
  className="presentation-container"
>
  <div>
    <div
      className="separator"
      style={
        Object {
          "marginBottom": "-45px",
        }
      }
    />
    <h1
      className="myName"
      data-testid="heloise"
    >
      HELOISE ROUSSEL
    </h1>
    <div
      className="separator"
      style={
        Object {
          "marginTop": "-53px",
        }
      }
    />
  </div>
  <div
    className="infos"
  >
    <div
      style={
        Object {
          "fontSize": "25px",
        }
      }
    >
      <a
        href="mailto:heloroussel@hotmail.fr"
      >
        heloroussel@hotmail.fr
      </a>
      <div
        style={
          Object {
            "marginTop": "5px",
          }
        }
      >
        +33 6 50 22 58 98
      </div>
    </div>
  </div>
  <div
    className="avatar"
  >
    <div
      className="image"
    />
  </div>
  <div>
    DÃ‰VELOPPEUSE WEB
  </div>
</div>
`;
